000.78;10100.894744 
017.77;000.78;8495.071652;0 
018.71;017.77;8321.652798;0 
019.43;018.71;8303.479886;0 
020.70;018.71;8189.927632;0 
021.69;020.70;8165.463565;0 
021.76;017.77;8160.201411;0 
024.39;019.43;7813.136247;0 
026.50;020.70;7698.808409;0 
027.37;024.39;7523.419663;0 
029.31;027.37;7313.439578;0 
030.65;021.69;7215.721412;0 
031.6;000.78;7145.307781;0 
034.59;030.65;6820.320369;0 
035.36;027.37;6773.460455;0 
035.49;026.50;6740.071927;0 
035.58;034.59;6723.605974;0 
036.30;029.31;6634.472788;0 
037.56;035.58;6570.163959;0 
038.5;031.6;6429.506936;0 
038.64;030.65;6457.458169;0 
039.46;026.50;6388.805271;0 
040.28;036.30;6245.788168;0 
043.63;038.64;5905.053762;0 
044.22;040.28;5854.099685;0 
044.34;035.36;5856.321178;0 
044.54;037.56;5848.425930;0 
045.20;044.22;5750.081709;0 
047.11;029.31;5513.192770;0 
047.19;045.20;5525.118455;0 
048.17;047.19;5441.523770;0 
053.27;040.28;4943.457534;0 
053.3;038.5;4962.235238;0 
061.0;031.6;4150.546280;1 
061.35;035.36;4150.546280;1 
061.38;024.39;4150.546280;1 
061.47;035.49;4150.546280;1 
061.48;035.49;4150.546280;1 
061.51;034.59;4150.546280;1 
061.57;035.58;4150.546280;1 
061.74;021.76;4147.887338;0 
061.75;021.76;4150.546280;1 
062.42;019.43;4066.739813;0 
068.26;053.27;3412.490774;0 
070.14;045.20;3231.175955;0 
071.29;036.30;3150.546280;1 
071.4;038.5;3150.546280;1 
071.44;039.46;3150.546280;1 
071.45;039.46;3150.546280;1 
071.55;037.56;3150.546280;1 
071.60;038.64;3150.546280;1 
071.61;043.63;3150.546280;1 
071.62;043.63;3150.546280;1 
073.68;021.69;2930.302835;0 
081.16;048.17;2150.546280;1 
081.18;047.19;2150.546280;1 
081.21;044.22;2150.546280;1 
081.32;044.34;2150.546280;1 
081.33;044.34;2150.546280;1 
081.52;044.54;2150.546280;1 
081.53;044.54;2150.546280;1 
081.7;047.11;2150.546280;1 
091.1;053.3;1150.546280;1 
091.15;048.17;1150.546280;1 
091.2;053.3;1150.546280;1 
091.23;053.27;1150.546280;1 
091.40;062.42;1150.546280;1 
091.41;062.42;1150.546280;1 
091.72;061.74;1150.546280;1 
091.73;061.74;1150.546280;1 
095.10;047.11;715.142615;0 
101.12;070.14;150.546280;1 
101.13;070.14;150.546280;1 
101.24;068.26;150.546280;1 
101.25;068.26;150.546280;1 
101.66;073.68;150.546280;1 
101.67;073.68;150.546280;1 
101.8;095.10;150.546280;1 
101.9;095.10;150.546280;1 
