((061.0:0.296485,((091.1:0.377362,091.2:0.377362):0.145262,071.4:0.324621):0.070865):0.292606,(((((((081.7:0.332906,(101.8:0.055896,101.9:0.055896):0.475012):0.178226,(((((101.12:0.304986,101.13:0.304986):0.249375,((091.15:0.424812,081.16:0.325810):0.008276,081.18:0.334086):0.022272):0.010298,081.21:0.366656):0.038778,(091.23:0.375503,(101.24:0.322936,101.25:0.322936):0.151567):0.128932):0.038480,071.29:0.344913):0.067218):0.020788,((081.32:0.366876,081.33:0.366876):0.090798,061.35:0.259671):0.074247):0.028682,061.38:0.362601):0.048545,(091.40:0.288706,091.41:0.288706):0.419442):0.001799,(((071.44:0.320591,071.45:0.320591):0.129692,(061.47:0.256366,061.48:0.256366):0.094916):0.048621,(((061.51:0.264311,(((081.52:0.366094,081.53:0.366094):0.071453,071.55:0.338546):0.015191,061.57:0.254736):0.009575):0.039145,(071.60:0.327388,(071.61:0.272699,071.62:0.272699):0.054689):0.075069):0.094026,(101.66:0.275199,101.67:0.275199):0.518287):0.002422):0.013041):0.017169,((091.72:0.296740,091.73:0.296740):0.397224,061.75:0.396960):0.033153):0.158978);
